// Jest Snapshot v1, https://goo.gl/fbAQLP

exports[`Placeholder renders correctly 1`] = `
<div
  className="ui placeholder"
>
  <div
    className="header"
  >
    <div
      className="line"
    />
    <div
      className="line"
    />
  </div>
  <div
    className="paragraph"
  >
    <div
      className="line"
    />
    <div
      className="line"
    />
    <div
      className="line"
    />
    <div
      className="line"
    />
  </div>
</div>
`;
