// Jest Snapshot v1, https://goo.gl/fbAQLP

exports[`Search renders correctly 1`] = `
<div
  className="ui segment pushable fullHeight flex inheritBg"
>
  <div
    className="ui inverted vertical labeled icon ui overlay right sidebar menu"
  >
    <div
      className="item"
      onClick={[Function]}
    >
      <p>
        Search type
      </p>
      <div
        aria-expanded={false}
        className="ui selection dropdown"
        onBlur={[Function]}
        onChange={[Function]}
        onClick={[Function]}
        onFocus={[Function]}
        onMouseDown={[Function]}
        role="listbox"
        tabIndex={0}
      >
        <div
          aria-live="polite"
          className="text"
          role="alert"
        >
          All
        </div>
        <i
          aria-hidden="true"
          className="dropdown icon"
          onClick={[Function]}
        />
        <div
          className="menu transition"
        >
          <div
            aria-checked={true}
            aria-selected={true}
            className="active selected item"
            onClick={[Function]}
            role="option"
            style={
              Object {
                "pointerEvents": "all",
              }
            }
          >
            <span
              className="text"
            >
              All
            </span>
          </div>
          <div
            aria-checked={false}
            aria-selected={false}
            className="item"
            onClick={[Function]}
            role="option"
            style={
              Object {
                "pointerEvents": "all",
              }
            }
          >
            <span
              className="text"
            >
              Stories
            </span>
          </div>
          <div
            aria-checked={false}
            aria-selected={false}
            className="item"
            onClick={[Function]}
            role="option"
            style={
              Object {
                "pointerEvents": "all",
              }
            }
          >
            <span
              className="text"
            >
              Comments
            </span>
          </div>
        </div>
      </div>
    </div>
    <div
      className="item"
      onClick={[Function]}
    >
      <p>
        Sort order
      </p>
      <div
        aria-expanded={false}
        className="ui selection dropdown"
        onBlur={[Function]}
        onChange={[Function]}
        onClick={[Function]}
        onFocus={[Function]}
        onMouseDown={[Function]}
        role="listbox"
        tabIndex={0}
      >
        <div
          aria-live="polite"
          className="text"
          role="alert"
        >
          Popularity
        </div>
        <i
          aria-hidden="true"
          className="dropdown icon"
          onClick={[Function]}
        />
        <div
          className="menu transition"
        >
          <div
            aria-checked={true}
            aria-selected={true}
            className="active selected item"
            onClick={[Function]}
            role="option"
            style={
              Object {
                "pointerEvents": "all",
              }
            }
          >
            <span
              className="text"
            >
              Popularity
            </span>
          </div>
          <div
            aria-checked={false}
            aria-selected={false}
            className="item"
            onClick={[Function]}
            role="option"
            style={
              Object {
                "pointerEvents": "all",
              }
            }
          >
            <span
              className="text"
            >
              Date
            </span>
          </div>
        </div>
      </div>
    </div>
    <div
      className="horizontally fitted item"
      onClick={[Function]}
    >
      <p>
        Date range
      </p>
      <div
        aria-expanded={false}
        className="ui selection dropdown"
        onBlur={[Function]}
        onChange={[Function]}
        onClick={[Function]}
        onFocus={[Function]}
        onMouseDown={[Function]}
        role="listbox"
        tabIndex={0}
      >
        <div
          aria-live="polite"
          className="text"
          role="alert"
        >
          All time
        </div>
        <i
          aria-hidden="true"
          className="dropdown icon"
          onClick={[Function]}
        />
        <div
          className="menu transition"
        >
          <div
            aria-checked={true}
            aria-selected={true}
            className="active selected item"
            onClick={[Function]}
            role="option"
            style={
              Object {
                "pointerEvents": "all",
              }
            }
          >
            <span
              className="text"
            >
              All time
            </span>
          </div>
          <div
            aria-checked={false}
            aria-selected={false}
            className="item"
            onClick={[Function]}
            role="option"
            style={
              Object {
                "pointerEvents": "all",
              }
            }
          >
            <span
              className="text"
            >
              Last 24h
            </span>
          </div>
          <div
            aria-checked={false}
            aria-selected={false}
            className="item"
            onClick={[Function]}
            role="option"
            style={
              Object {
                "pointerEvents": "all",
              }
            }
          >
            <span
              className="text"
            >
              Past Week
            </span>
          </div>
          <div
            aria-checked={false}
            aria-selected={false}
            className="item"
            onClick={[Function]}
            role="option"
            style={
              Object {
                "pointerEvents": "all",
              }
            }
          >
            <span
              className="text"
            >
              Past Month
            </span>
          </div>
          <div
            aria-checked={false}
            aria-selected={false}
            className="item"
            onClick={[Function]}
            role="option"
            style={
              Object {
                "pointerEvents": "all",
              }
            }
          >
            <span
              className="text"
            >
              Past Year
            </span>
          </div>
          <div
            aria-checked={false}
            aria-selected={false}
            className="item"
            onClick={[Function]}
            role="option"
            style={
              Object {
                "pointerEvents": "all",
              }
            }
          >
            <span
              className="text"
            >
              Custom range
            </span>
          </div>
        </div>
      </div>
    </div>
    <div
      className="item"
      onClick={[Function]}
    >
      <p>
        Hits per page
      </p>
      <div
        aria-expanded={false}
        className="ui selection dropdown"
        onBlur={[Function]}
        onChange={[Function]}
        onClick={[Function]}
        onFocus={[Function]}
        onMouseDown={[Function]}
        role="listbox"
        tabIndex={0}
      >
        <div
          aria-live="polite"
          className="text"
          role="alert"
        >
          20
        </div>
        <i
          aria-hidden="true"
          className="dropdown icon"
          onClick={[Function]}
        />
        <div
          className="menu transition"
        >
          <div
            aria-checked={false}
            aria-selected={false}
            className="item"
            onClick={[Function]}
            role="option"
            style={
              Object {
                "pointerEvents": "all",
              }
            }
          >
            <span
              className="text"
            >
              10
            </span>
          </div>
          <div
            aria-checked={true}
            aria-selected={true}
            className="active selected item"
            onClick={[Function]}
            role="option"
            style={
              Object {
                "pointerEvents": "all",
              }
            }
          >
            <span
              className="text"
            >
              20
            </span>
          </div>
          <div
            aria-checked={false}
            aria-selected={false}
            className="item"
            onClick={[Function]}
            role="option"
            style={
              Object {
                "pointerEvents": "all",
              }
            }
          >
            <span
              className="text"
            >
              30
            </span>
          </div>
          <div
            aria-checked={false}
            aria-selected={false}
            className="item"
            onClick={[Function]}
            role="option"
            style={
              Object {
                "pointerEvents": "all",
              }
            }
          >
            <span
              className="text"
            >
              50
            </span>
          </div>
        </div>
      </div>
    </div>
    <div
      className="item"
      onClick={[Function]}
    >
      <button
        className="ui green mini button"
        onClick={[Function]}
        role="button"
      >
        Apply
      </button>
      <button
        className="ui mini button"
        onClick={[Function]}
        role="button"
      >
        Cancel
      </button>
    </div>
  </div>
  <div
    className="ui teal huge borderless inverted noMarginTop menu"
  >
    <div
      className="menu"
      widths={2}
    >
      <div
        className="header item"
        onClick={[Function]}
      >
        <img
          className="ui mini right spaced image"
        />
        Hacker news search
      </div>
    </div>
    <div
      className="right menu"
    >
      <button
        className="ui teal button"
        onClick={[Function]}
        role="button"
      >
        <i
          aria-hidden="true"
          className="setting large icon"
        />
      </button>
    </div>
  </div>
  <div
    className="pusher flex flexGrow"
    onClick={[Function]}
  >
    <div
      className="ui container"
    >
      <div
        className="ui fluid action left icon input"
      >
        <input
          onChange={[Function]}
          onKeyUp={[Function]}
          placeholder="Search..."
          type="text"
        />
        <i
          aria-hidden="true"
          className="search icon"
        />
        <button
          className="ui teal button"
          onClick={[Function]}
          role="button"
        >
          Search
        </button>
      </div>
      <div
        className="ui segment"
      >
        <div
          className="ui divided items"
        />
      </div>
    </div>
    <div
      className="ui vertical segment fixDown"
    >
      <div
        className="ui center aligned container"
      >
        <div>
          <div
            className="item"
            onClick={[Function]}
          >
            Copyright © 
            2018
             Joey Zheng
          </div>
          <div
            className="item"
            onClick={[Function]}
          >
            v 1.0
          </div>
        </div>
      </div>
    </div>
  </div>
</div>
`;
